// Jest Snapshot v1, https://goo.gl/fbAQLP

exports[`add article component shows article form 1`] = `"<form><h1>Add new article</h1><div class=\\"form-input\\"><label><strong>Title:</strong><input value=\\"\\"></label></div><div class=\\"form-input\\"><div><select><option value=\\"Politics\\">Politics</option><option value=\\"Economics\\">Economics</option><option value=\\"Sport\\">Sport</option><option value=\\"Health\\">Health</option></select></div><strong>Category: </strong> </div><div class=\\"form-text-input\\"><label><strong>Content:</strong> <textarea></textarea></label></div><div><button class=\\"submit\\">Submit</button></div></form>"`;
